CPU : OUT :         6
TB : Finished : active=0
test/0-HaltandBasic/addiu3.v:35: $finish called at 36 (1s)
