CPU : OUT :4294836247
TB : Finished : active=0
test/1-ArithmeticandLS/addu2.v:50: $finish called at 76 (1s)
