CPU : OUT :         2
TB : Finished : active=0
test/1-ArithmeticandLS/andi1.v:35: $finish called at 36 (1s)
