CPU : OUT :     65535
TB : Finished : active=0
test/1-ArithmeticandLS/andi2.v:35: $finish called at 36 (1s)
