CPU : OUT :        96
TB : Finished : active=0
test/2-BranchandJump/beq2.v:50: $finish called at 68 (1s)
