CPU : OUT :       144
TB : Finished : active=0
test/2-BranchandJump/bgezal2.v:71: $finish called at 116 (1s)
