CPU : OUT :         2
TB : Finished : active=0
test/2-BranchandJump/bltzal1.v:47: $finish called at 60 (1s)
