CPU : OUT :         7
TB : Finished : active=0
test/1-ArithmeticandLS/divu2.v:47: $finish called at 68 (1s)
