CPU : OUT :         2
TB : Finished : active=0
test/3-Functions/if1.v:56: $finish called at 84 (1s)
