CPU : OUT :         1
TB : Finished : active=0
test/2-BranchandJump/j1.v:38: $finish called at 36 (1s)
