CPU : OUT :        44
TB : Finished : active=0
test/2-BranchandJump/jalr2.v:62: $finish called at 92 (1s)
