CPU : OUT :         1
TB : Finished : active=0
test/2-BranchandJump/jalr1.v:29: $finish called at 20 (1s)
