CPU : OUT :         2
TB : Finished : active=0
test/0-HaltandBasic/jr4.v:35: $finish called at 28 (1s)
