CPU : OUT :       138
TB : Finished : active=0
test/1-ArithmeticandLS/lbu2.v:41: $finish called at 52 (1s)
