CPU : OUT :4294945673
TB : Finished : active=0
test/1-ArithmeticandLS/lh1.v:32: $finish called at 28 (1s)
