CPU : OUT :     65535
TB : Finished : active=0
test/1-ArithmeticandLS/lhu1.v:32: $finish called at 28 (1s)
