CPU : OUT :     65792
TB : Finished : active=0
test/1-ArithmeticandLS/lhu2.v:38: $finish called at 44 (1s)
