CPU : OUT :     21761
TB : Finished : active=0
test/1-ArithmeticandLS/lhu3.v:35: $finish called at 36 (1s)
