CPU : OUT :     65536
TB : Finished : active=0
test/1-ArithmeticandLS/lui1.v:32: $finish called at 28 (1s)
