CPU : OUT :1448498774
TB : Finished : active=0
test/1-ArithmeticandLS/lw2.v:38: $finish called at 44 (1s)
