CPU : OUT :1426129153
TB : Finished : active=0
test/1-ArithmeticandLS/lw3.v:35: $finish called at 36 (1s)
