CPU : OUT :4009754624
TB : Finished : active=0
test/1-ArithmeticandLS/lwl2.v:32: $finish called at 28 (1s)
