CPU : OUT :4023233417
TB : Finished : active=0
test/1-ArithmeticandLS/lwr2.v:32: $finish called at 28 (1s)
