CPU : OUT :         5
TB : Finished : active=0
test/1-ArithmeticandLS/mthi1.v:38: $finish called at 44 (1s)
