CPU : OUT :         1
TB : Finished : active=0
test/1-ArithmeticandLS/multu2.v:47: $finish called at 68 (1s)
