CPU : OUT :       847
TB : Finished : active=0
test/1-ArithmeticandLS/mult1.v:47: $finish called at 68 (1s)
