CPU : OUT :  54788096
TB : Finished : active=0
test/1-ArithmeticandLS/multu3.v:59: $finish called at 100 (1s)
