CPU : OUT :         7
TB : Finished : active=0
test/1-ArithmeticandLS/ori1.v:35: $finish called at 36 (1s)
