CPU : OUT :     98328
TB : Finished : active=0
test/1-ArithmeticandLS/sllv1.v:38: $finish called at 44 (1s)
