CPU : OUT :2149056512
TB : Finished : active=0
test/1-ArithmeticandLS/sllv2.v:38: $finish called at 44 (1s)
