CPU : OUT :         1
TB : Finished : active=0
test/1-ArithmeticandLS/slt5.v:44: $finish called at 60 (1s)
