CPU : OUT :         0
TB : Finished : active=0
test/1-ArithmeticandLS/sltiu5.v:35: $finish called at 36 (1s)
