CPU : OUT :         0
TB : Finished : active=0
test/1-ArithmeticandLS/slti4.v:41: $finish called at 52 (1s)
