CPU : OUT :         1
TB : Finished : active=0
test/1-ArithmeticandLS/sltiu6.v:42: $finish called at 52 (1s)
