CPU : OUT :         1
TB : Finished : active=0
test/1-ArithmeticandLS/sltiu4.v:35: $finish called at 36 (1s)
