CPU : OUT :3937048577
TB : Finished : active=0
test/1-ArithmeticandLS/sra2.v:41: $finish called at 52 (1s)
