CPU : OUT :      6145
TB : Finished : active=0
test/1-ArithmeticandLS/srl1.v:35: $finish called at 36 (1s)
