CPU : OUT :        66
TB : Finished : active=0
test/1-ArithmeticandLS/subu1.v:38: $finish called at 44 (1s)
