CPU : OUT :4043309055
TB : Finished : active=0
test/1-ArithmeticandLS/sw1.v:41: $finish called at 52 (1s)
