CPU : OUT :         6
TB : Finished : active=0
test/1-ArithmeticandLS/xor1.v:38: $finish called at 44 (1s)
